// Jest Snapshot v1, https://goo.gl/fbAQLP

exports[`renders 1`] = `
<div>
  <div
    data-testid="navbar"
  >
    <a
      href="/"
    >
      Home
    </a>
    <a
      href="/shop"
    >
      Shop
    </a>
  </div>
</div>
`;
